[lacheie.com/index.html]
[backblue.gif]
[fade.gif]
[index.html]
[lacheie.com/e.js]
[lacheie.com/gtm.js]
[lacheie.com/wpm/index.html]
[lacheie.com/cdn/shop/files/La_93d2b30d-2977-477f-9e85-6d5d011e2b49311c.png]
[lacheie.com/heet/index.html]
[lacheie.com/cdn/shop/t/2/assets/constantsc86d.js]
[lacheie.com/cdn/shop/t/2/assets/pubsub0a5a.js]
[lacheie.com/cdn/shop/t/2/assets/globale99c.js]
[lacheie.com/cdn/shop/t/2/assets/animationsc24a.js]
[lacheie.com/checkouts/internal/preloadsa307.js]
[lacheie.com/cdn/shopifycloud/shopify/assets/storefront/load_feature-9f951eb7d8d53973c719de211f807d63af81c644e5b9a6ae72661ac408d472f6.js]
[lacheie.com/cdn/shopifycloud/shopify/assets/storefront/features-1c0b396bd4d054b94abae1eb6a1bd6ba47beb35525c57a217c77a862ff06d83f.js]
[lacheie.com/cdn/shop/t/2/compiled_assets/scripts1019.js]
[lacheie.com/cdn/fonts/poppins/poppins_n4.934accbf9f5987aa89334210e6c1e9151f37d3b60d77.woff2]
[lacheie.com/cdn/fonts/poppins/poppins_n4.ee28d4489eaf5de9cf6e17e696991b5e9148c71618ca.woff]
[lacheie.com/cdn/fonts/poppins/poppins_n7.58aca33913fc6666cc9e8a53f6b16ec5c3c05a3fdee8.woff2]
[lacheie.com/cdn/fonts/poppins/poppins_n7.59016f931f3f39434d2e458fba083eb7db7a07d90d00.woff]
[lacheie.com/cdn/fonts/poppins/poppins_i4.a7e8d886e15d5fb9bc964a53b3278effbf270e9c626e.woff2]
[lacheie.com/cdn/fonts/poppins/poppins_i4.e87de252199e27825a41bf81646996685d86452d3ff7.woff]
[lacheie.com/cdn/fonts/poppins/poppins_i7.4f85a5d51a1aecf426eea47ac4570ef7341bfdc114ff.woff2]
[lacheie.com/cdn/fonts/poppins/poppins_i7.aff3a08a92d1c136586c611b9fc43d357dfbbefeb85c.woff]
[lacheie.com/cdn/shop/t/2/assets/baseb669.css]
[lacheie.com/cdn/shop/t/2/assets/component-predictive-searchceca.css]
[cdn.shopify.com/extensions/69557aa7-6065-4fbb-82d0-5423092e071e/smind-sections-149/assets/smi-parallax.min.js]
[cdn.shopify.com/extensions/69557aa7-6065-4fbb-82d0-5423092e071e/smind-sections-149/assets/smi-base.min.css]
[cdn.shopify.com/extensions/d8e0a984-8e3a-4720-810f-6d3d954e479c/tapita-seo-speed-78/assets/instantpage.js]
[cdn.shopify.com/extensions/05506e16-894f-4f03-a8b8-e0c1b0d28c3d/tiktok-pixel-for-adtrace-160/assets/tiktok-pixel.js]
[cdn.shopify.com/extensions/69557aa7-6065-4fbb-82d0-5423092e071e/smind-sections-149/assets/smi-base.min.js]
[cdn.shopify.com/extensions/f5c2cc5d-f064-4d09-bb11-d3f2b8d265bb/attrac-3/assets/attrac-embed-bars.js]
[lacheie.com/POST]
[lacheie.com/cdn]
[lacheie.com/cdn/s/trekkie.storefront.6feac1db1e2c7d84269967dcaefdee0618af51f6.min.js]
[lacheie.com/cdn/shopifycloud/shopify/assets/shop_events_listener-61fa9e0a912c675e178777d2b27f6cbd482f8912a6b0aa31fa3515985a8cd626.js]
[lacheie.com/cdn/shopifycloud/boomerang/shopify-boomerang-1.0.0.min.js]
[lacheie.com/cdn/shop/t/2/assets/quantity-popoverf29a.css]
[lacheie.com/cdn/shop/t/2/assets/component-card9ab0.css]
[lacheie.com/cdn/shop/t/2/assets/cartf394.js]
[lacheie.com/cdn/shop/t/2/assets/quantity-popover02a3.js]
[lacheie.com/collections/all.html]
[lacheie.com/Trident/index.html]
[lacheie.com/cdn/shop/t/2/assets/component-list-menu92fa.css]
[lacheie.com/cdn/shop/t/2/assets/component-searchfbab.css]
[lacheie.com/cdn/shop/t/2/assets/component-menu-drawer6251.css]
[lacheie.com/cdn/shop/t/2/assets/component-cart-notificationbe1a.css]
[lacheie.com/cdn/shop/t/2/assets/component-cart-itemsa0be.css]
[lacheie.com/cdn/shop/t/2/assets/component-price99b2.css]
[lacheie.com/cdn/shop/t/2/assets/component-mega-menu5bbc.css]
[lacheie.com/cdn/shop/t/2/assets/component-cart-drawera960.css]
[lacheie.com/cdn/shop/t/2/assets/component-carta8fc.css]
[lacheie.com/cdn/shop/t/2/assets/component-totals115b.css]
[lacheie.com/cdn/shop/t/2/assets/component-discountsc66d.css]
[lacheie.com/cdn/shop/t/2/assets/details-disclosurec5d3.js]
[lacheie.com/cdn/shop/t/2/assets/details-modalc2fb.js]
[lacheie.com/cdn/shop/t/2/assets/cart-notificatione3fd.js]
[lacheie.com/cdn/shop/t/2/assets/search-form7ab4.js]
[lacheie.com/cdn/shop/t/2/assets/cart-drawerac54.js]
[lacheie.com/pages/cateva-reclame-create-de-noi.html]
[lacheie.com/pages/cum-lucram-noi.html]
[lacheie.com/pages/recenzii.html]
[lacheie.com/pages/contact.html]
[lacheie.com/pages/intrebari.html]
[lacheie.com/cdn/shop/t/2/assets/component-loading-spinner41c0.css]
[lacheie.com/cdn/shop/files/La_93d2b30d-2977-477f-9e85-6d5d011e2b49bb01.png]
[lacheie.com/cart.html]
[lacheie.com/cdn/shop/t/2/assets/section-rich-textbe36.css]
[unpkg.com/swiper@8.4.7/swiper-bundle.min.css]
[lacheie.com/cdn/fonts/josefin_sans/josefinsans_n4.c8300d95fd4ce72542a6efba9c682da40d144fbae975.woff2]
[lacheie.com/cdn/fonts/josefin_sans/josefinsans_n4.ed7230a86e75b34b997bd12a5e1b87fcaf7104d8ac2c.woff]
[lacheie.com/cdn/shop/files/12996323-FC81-4506-B536-78C776CD5157fbb9.png]
[lacheie.com/cdn/shop/files/Design_fara_titlu_1_07202588-4b5c-41d2-a52c-8ae984a1dd28a998.png]
[lacheie.com/cdn/shop/files/6B333EAC-9728-4AF2-9216-220F8CE73713fbb9.png]
[lacheie.com/cdn/shop/files/823F29F3-15D4-4F2F-AE59-F567FC54B7296bdc.png]
[lacheie.com/cdn/shop/files/283C63CB-D5D2-4E78-9D6A-873B8E0FFD40fbb9.png]
[unpkg.com/swiper@8.4.7/swiper-bundle.min.js]
[lacheie.com/cdn/shop/files/11db8d.png]
[lacheie.com/products/3-reclame-10308.html]
[lacheie.com/cdn/shop/files/22e791.png]
[lacheie.com/products/3-reclame93fc.html]
[lacheie.com/cdn/shop/files/333db8d.png]
[lacheie.com/products/3-reclame-campanie-tiktok-ads.html]
[cdn.jsdelivr.net/npm/swiper@9/swiper-bundle.min.css]
[lacheie.com/cdn/shop/files/arabescu33b5.png]
[lacheie.com/cdn/shop/files/lemnaru3ee8.jpg]
[lacheie.com/cdn/shop/files/IMG_2748a6b4.jpg]
[lacheie.com/cdn/shop/files/IMG_40773e94.jpg]
[lacheie.com/cdn/shop/files/IMG_2731e2a1.jpg]
[lacheie.com/cdn/shop/files/IMG_37240e59.png]
[lacheie.com/cdn/shop/files/IMG_2729fbb9.jpg]
[lacheie.com/cdn/shop/files/IMG_4073271f.jpg]
[lacheie.com/cdn/shop/files/IMG_4092dd2a.jpg]
[lacheie.com/cdn/shop/files/IMG_40847d37.jpg]
[lacheie.com/cdn/shop/files/IMG_4086794f.jpg]
[lacheie.com/cdn/shop/files/IMG_4101ee77.jpg]
[lacheie.com/cdn/shop/files/IMG_4088615c.jpg]
[lacheie.com/cdn/shop/files/IMG_41006937.jpg]
[lacheie.com/cdn/shop/files/IMG_40827e5b.jpg]
[lacheie.com/cdn/shop/files/IMG_4106d1f8.jpg]
[lacheie.com/cdn/shop/files/IMG_409336a3.jpg]
[lacheie.com/cdn/shop/files/IMG_40913d5f.jpg]
[lacheie.com/cdn/shop/files/IMG_41033d5f.jpg]
[lacheie.com/cdn/shop/files/IMG_40786bdc.jpg]
[lacheie.com/cdn/shop/files/IMG_40758ffc.jpg]
[cdn.jsdelivr.net/npm/swiper@8.4.7/swiper-bundle.min.js]
[lacheie.com/cdn/shop/files/B4E113C0-159A-43AB-974C-E2DA3BE52F1D7ce9.jpg]
[cdn.jsdelivr.net/npm/swiper@11/swiper-bundle.min.css]
[lacheie.com/cdn/shop/files/preview_images/95c60c5a290f4014a4c13f0698625779.thumbnail.0000000000_smalla837.jpg]
[lacheie.com/cdn/shop/files/preview_images/fe3f9b85cced4ce086e15766e397a05e.thumbnail.0000000000_small1f3d.jpg]
[lacheie.com/cdn/shop/files/preview_images/ae4ec156c35842e680c5cb768da21f68.thumbnail.0000000000_smalld47f.jpg]
[lacheie.com/cdn/shop/files/preview_images/1bd52286a31c4942a75fccf7fd9ec37a.thumbnail.0000000000_smalled59.jpg]
[lacheie.com/cdn/shop/files/preview_images/86f4dd3604fd417ab7ad06d23cc06115.thumbnail.0000000000_smallcb30.jpg]
[lacheie.com/cdn/shop/files/preview_images/ea95c9ff711a4d33a2420cf6a178db8a.thumbnail.0000000000_smallc1bc.jpg]
[lacheie.com/cdn/shop/files/preview_images/a33c84e92b8e4c5c98aeeddedaa209ea.thumbnail.0000000000_small44c8.jpg]
[lacheie.com/cdn/shop/files/preview_images/2611a923d29148789c2eeb74ecfb8ca7.thumbnail.0000000000_small78f7.jpg]
[cdn.jsdelivr.net/npm/swiper@6.8.4/swiper-bundle.min.js]
[lacheie.com/cdn/fonts/assistant/assistant_n4.bcd3d09dcb631dec5544b8fb7b154ff234a44630339b.woff2]
[lacheie.com/cdn/fonts/assistant/assistant_n4.a2d012304becc2a26f1ded1acc136fcab85c9afd567f.woff]
[lacheie.com/cdn/shop/files/qwerty_key_logo_300x300b37e.png]
[lacheie.com/cdn/shop/files/iceconceat_300x3000b49.png]
[lacheie.com/cdn/shop/files/edujobs_logo_300x300fbb9.png]
[lacheie.com/cdn/shop/files/hylt_med_300x3000b49.png]
[lacheie.com/cdn/shop/t/2/assets/component-accordion034d.css]
[lacheie.com/cdn/shop/t/2/assets/collapsible-content2c73.css]
[lacheie.com/cdn/shop/files/mail_2c577.png]
[lacheie.com/cdn/shop/files/bifa7cd8.png]
[lacheie.com/cdn/shop/t/2/assets/component-image-with-textc81e.css]
[lacheie.com/cdn/shop/files/Yellow_And_White_Action_Movie_Posterca6e.jpg]
[lacheie.com/pages/povestea-noastra.html]
[unpkg.com/@pqina/flip@1.8.3/dist/flip.min.css]
[lacheie.com/cdn/fonts/montserrat/montserrat_n8.d0ee6fdb3a3fec57b7ba86e76adad5b86d8b298feff1.woff2]
[lacheie.com/cdn/fonts/montserrat/montserrat_n8.57046b0201ba1025a279f9546bf469833729dc63db8d.woff]
[unpkg.com/@pqina/flip@1.8.3/dist/flip.min.js]
[lacheie.com/cdn/shop/t/2/assets/section-footerf62a.css]
[lacheie.com/cdn/shop/t/2/assets/component-newsletter84f6.css]
[lacheie.com/cdn/shop/t/2/assets/component-list-paymentfafb.css]
[lacheie.com/cdn/shop/t/2/assets/component-list-social0a5d.css]
[lacheie.com/pages/termenii-si-condi.html]
[lacheie.com/pages/politica-de-confidențialitate.html]
[lacheie.com/cdn/shop/files/anpc_20fae.png]
[lacheie.com/cdn/shop/files/anpc_10fae.png]
[lacheie.com/cdn/shop/t/2/assets/predictive-search78de.js]
[assets.getuploadkit.com/assets/luminous.css]
[lacheie.com/index.html]
[lacheie.com/wpm/index.html]
[lacheie.com/heet/index.html]
[lacheie.com/e.js]
[lacheie.com/gtm.js]
[shop.app/checkouts/internal/preloadsde8a.js]
[assets.getuploadkit.com/assets/luminous.js]
[lacheie.com/cdn/shop/t/2/assets/sparkle.gif]
[lacheie.com/cdn/shop/t/2/assets/baseb669.css]
[lacheie.com/cdn/shop/t/2/assets/component-predictive-searchceca.css]
[cdn.shopify.com/extensions/69557aa7-6065-4fbb-82d0-5423092e071e/smind-sections-149/assets/smi-base.min.css]
[lacheie.com/POST.html]
[lacheie.com/cdn.html]
[lacheie.com/cdn/shop/t/2/assets/quantity-popoverf29a.css]
[lacheie.com/cdn/shop/t/2/assets/component-card9ab0.css]
[lacheie.com/collections/e.js]
[lacheie.com/collections/all.atom]
[lacheie.com/collections/heet/index.html]
[lacheie.com/collections/POST]
[lacheie.com/collections/Trident/index.html]
[lacheie.com/cdn/shop/files/Design_fara_titlu_55476.png]
[lacheie.com/products/dropshipping-ecommerce-2024b7a5.html]
[lacheie.com/products/de-la-0-la-10k-pe-luna-la-18-aniddce.html]
[lacheie.com/cdn/shop/files/Design_fara_titlu_26261.png]
[lacheie.com/products/promovare-platia-si-organica8735.html]
[lacheie.com/products/metode-de-facut-banii-online16fb.html]
[lacheie.com/cdn/shop/files/Design_fara_titlu_35476.png]
[lacheie.com/products/editare-video-incepatori3a0e.html]
[lacheie.com/cdn/shop/files/Design_fara_titlu_75476.png]
[lacheie.com/collections/all.html]
[lacheie.com/Trident/index.html]
[lacheie.com/cdn/shop/t/2/assets/component-list-menu92fa.css]
[lacheie.com/cdn/shop/t/2/assets/component-searchfbab.css]
[lacheie.com/cdn/shop/t/2/assets/component-menu-drawer6251.css]
[lacheie.com/cdn/shop/t/2/assets/component-cart-notificationbe1a.css]
[lacheie.com/cdn/shop/t/2/assets/component-cart-itemsa0be.css]
[lacheie.com/cdn/shop/t/2/assets/component-price99b2.css]
[lacheie.com/cdn/shop/t/2/assets/component-mega-menu5bbc.css]
[lacheie.com/cdn/shop/t/2/assets/component-cart-drawera960.css]
[lacheie.com/cdn/shop/t/2/assets/component-carta8fc.css]
[lacheie.com/cdn/shop/t/2/assets/component-totals115b.css]
[lacheie.com/cdn/shop/t/2/assets/component-discountsc66d.css]
[lacheie.com/products/editare-video-expert9cbd.html]
[lacheie.com/pages/e.js]
[lacheie.com/pages/heet/index.html]
[lacheie.com/pages/POST]
[lacheie.com/pages/cateva-reclame-create-de-noi.html]
[lacheie.com/pages/Trident/index.html]
[lacheie.com/collections/frontpage.html]
[lacheie.com/pages/cum-lucram-noi.html]
[lacheie.com/cdn/shop/t/2/assets/section-main-pagedebf.css]
[lacheie.com/cdn/shop/t/2/assets/section-multicolumn005b.css]
[lacheie.com/cdn/shop/t/2/assets/component-sliderb337.css]
[lacheie.com/cdn/shop/files/a0ea2d67-67eb-4e4c-908a-f31f0947eade-1713766087-6625fec7699420a9c.png]
[lacheie.com/cdn/shop/files/black-customer-reviews-facebook-post-2-1713766092-6625fecc4805b9b05.png]
[lacheie.com/cdn/shop/files/black-customer-reviews-facebook-post-1-1713766092-6625fecc0074232fa.png]
[lacheie.com/cdn/shop/files/3754499b-a781-4c51-8280-571ca4648c7e-1713766087-6625fec7753590a9c.png]
[lacheie.com/cdn/shop/files/2409028b-9589-44c0-9c9d-8b638e55b807-1713766081-6625fec12ad1ef6aa.png]
[lacheie.com/cdn/shop/files/2733baf3-d005-4804-b9bd-c8f458ed5ad2-1713766080-6625fec0ca99cf6aa.png]
[lacheie.com/cdn/shop/files/16c1ac7f-f1b6-4da3-8f23-ecc24c779bf9-1713766075-6625febb1a8e56660.png]
[lacheie.com/cdn/shop/files/4f908a5d-ad92-4c4b-9600-e57a1d4bad16-1713766068-6625feb4330d3d119.png]
[lacheie.com/cdn/shop/files/4dd3730f-045b-4211-893f-be19a6650e8f-1713766068-6625feb432b68d119.png]
[lacheie.com/cdn/shop/files/7b5d3cf0-704a-4142-9632-9c03ac25a18e-1713766074-6625febadfb12ded4.png]
[lacheie.com/cdn/shop/files/C7A0DDC6-579A-469B-8184-012DAB8B06FB4dae.png]
[lacheie.com/cdn/shop/files/Black_Customer_Reviews_Facebook_Postcff2.png]
[lacheie.com/cdn/shop/files/E3C20E27-9E8B-4E60-B4D3-2D00799E1A3Bdea5.png]
[lacheie.com/cdn/shop/files/C8E825A1-1ABF-4E23-8110-B1EE026E150652e9.png]
[lacheie.com/cdn/shop/files/CBCA2059-9184-4D48-9776-AF871A70EABAc25e.png]
[lacheie.com/pages/recenzii.html]
[lacheie.com/pages/contact.html]
[lacheie.com/pages/intrebari.html]
[lacheie.com/cdn/shop/t/2/assets/component-loading-spinner41c0.css]
[lacheie.com/cart.html]
[lacheie.com/cdn/shop/t/2/assets/section-rich-textbe36.css]
[unpkg.com/swiper@8.4.7/swiper-bundle.min.css]
[lacheie.com/cdn/shop/t/2/assets/section-contact-form8742.css]
[lacheie.com/products/e.js]
[lacheie.com/products/3-reclame-1.html]
[lacheie.com/products/heet/index.html]
[lacheie.com/products/3-reclame-1.oembed]
[cdn.shopify.com/extensions/623be345-6c9f-490d-a05f-a6c3ee264b1d/coly-additional-order-form-3/assets/coly-app.min.js]
[cdn.shopify.com/extensions/623be345-6c9f-490d-a05f-a6c3ee264b1d/coly-additional-order-form-3/assets/coly-app.css]
[lacheie.com/products/POST]
[lacheie.com/products/Trident/index.html]
[lacheie.com/cdn/shop/t/2/assets/section-main-product42fb.css]
[lacheie.com/cdn/shop/t/2/assets/component-ratingb1ea.css]
[lacheie.com/cdn/shop/t/2/assets/component-deferred-mediaee89.css]
[lacheie.com/cdn/shop/t/2/assets/product-info2211.js]
[lacheie.com/cdn/shop/t/2/assets/product-form9395.js]
[lacheie.com/cdn/shop/t/2/assets/component-pickup-availabilityd123.css]
[lacheie.com/cdn/shop/t/2/assets/pickup-availabilityff7e.js]
[lacheie.com/cdn/fonts/fjalla_one/fjallaone_n4.e3b041743e726c1cef3b3ab9921402e93cd8f733bc8b.woff2]
[lacheie.com/cdn/fonts/fjalla_one/fjallaone_n4.bed9b46f46027aa055f567c064cca454e8db0b223e44.woff]
[lacheie.com/cdn/shop/files/6B7C003C-E3C2-487A-9AF0-DD21CD29858Dfbb9.png]
[lacheie.com/cdn/shop/files/76A7BBD1-8AD4-467A-A4A1-CE27078EB2080b49.png]
[lacheie.com/products/3-reclame-10308.html]
[assets.getuploadkit.com/assets/uploadkit-app.js]
[lacheie.com/products/3-reclame.html]
[lacheie.com/products/3-reclame.oembed]
[lacheie.com/products/3-reclame93fc.html]
[lacheie.com/products/3-reclame-campanie-tiktok-ads.oembed]
[lacheie.com/products/3-reclame-campanie-tiktok-ads.html]
[cdn.jsdelivr.net/npm/swiper@9/swiper-bundle.min.css]
[cdn.jsdelivr.net/npm/swiper@11/swiper-bundle.min.css]
[lacheie.com/cdn/shop/t/2/assets/component-accordion034d.css]
[lacheie.com/cdn/shop/t/2/assets/collapsible-content2c73.css]
[lacheie.com/cdn/shop/t/2/assets/component-image-with-textc81e.css]
[lacheie.com/pages/povestea-noastra.html]
[unpkg.com/@pqina/flip@1.8.3/dist/flip.min.css]
[lacheie.com/cdn/shop/t/2/assets/section-footerf62a.css]
[lacheie.com/cdn/shop/t/2/assets/component-newsletter84f6.css]
[lacheie.com/cdn/shop/t/2/assets/component-list-paymentfafb.css]
[lacheie.com/cdn/shop/t/2/assets/component-list-social0a5d.css]
[lacheie.com/pages/termenii-si-condi.html]
[lacheie.com/pages/politica-de-confidențialitate.html]
[assets.getuploadkit.com/assets/luminous.css]
[lacheie.com/collections/heet/index.html]
[lacheie.com/collections/e.js]
[lacheie.com/collections/POST.html]
[lacheie.com/collections/Trident/index.html]
[lacheie.com/products/dropshipping-ecommerce-2024.html]
[lacheie.com/products/dropshipping-ecommerce-2024.oembed]
[lacheie.com/cdn/shop/files/IMG_2732b280.jpg]
[lacheie.com/products/dropshipping-ecommerce-2024b7a5.html]
[cdn.jsdelivr.net/npm/swiper@11/swiper-bundle.min.js]
[lacheie.com/products/de-la-0-la-10k-pe-luna-la-18-ani.html]
[lacheie.com/products/de-la-0-la-10k-pe-luna-la-18-ani.oembed]
[lacheie.com/products/de-la-0-la-10k-pe-luna-la-18-aniddce.html]
[lacheie.com/products/promovare-platia-si-organica.html]
[lacheie.com/products/promovare-platia-si-organica.oembed]
[lacheie.com/products/promovare-platia-si-organica8735.html]
[lacheie.com/products/metode-de-facut-banii-online.html]
[lacheie.com/products/metode-de-facut-banii-online.oembed]
[lacheie.com/products/metode-de-facut-banii-online16fb.html]
[lacheie.com/products/editare-video-incepatori.html]
[lacheie.com/products/editare-video-incepatori.oembed]
[lacheie.com/products/editare-video-incepatori3a0e.html]
[lacheie.com/products/editare-video-expert.html]
[lacheie.com/products/editare-video-expert.oembed]
[lacheie.com/products/editare-video-expert9cbd.html]
[lacheie.com/pages/heet/index.html]
[lacheie.com/pages/e.js]
[lacheie.com/pages/POST.html]
[lacheie.com/pages/Trident/index.html]
[lacheie.com/collections/frontpage.atom]
[lacheie.com/collections/frontpage.oembed]
[lacheie.com/collections/frontpage.html]
[lacheie.com/cdn/shop/t/2/assets/section-main-pagedebf.css]
[lacheie.com/cdn/shop/t/2/assets/section-multicolumn005b.css]
[lacheie.com/cdn/shop/t/2/assets/component-sliderb337.css]
[lacheie.com/cdn/shop/t/2/assets/section-contact-form8742.css]
[lacheie.com/products/heet/index.html]
[lacheie.com/products/e.js]
[lacheie.com/products/3-reclame-1.html]
[cdn.shopify.com/extensions/623be345-6c9f-490d-a05f-a6c3ee264b1d/coly-additional-order-form-3/assets/coly-app.css]
[lacheie.com/products/POST.html]
[lacheie.com/products/Trident/index.html]
[lacheie.com/cdn/shop/t/2/assets/section-main-product42fb.css]
[lacheie.com/cdn/shop/t/2/assets/component-ratingb1ea.css]
[lacheie.com/cdn/shop/t/2/assets/component-deferred-mediaee89.css]
[lacheie.com/cdn/shop/t/2/assets/component-pickup-availabilityd123.css]
[lacheie.com/products/3-reclame.html]
[lacheie.com/products/dropshipping-ecommerce-2024.html]
[lacheie.com/products/de-la-0-la-10k-pe-luna-la-18-ani.html]
[lacheie.com/products/promovare-platia-si-organica.html]
[lacheie.com/products/metode-de-facut-banii-online.html]
[lacheie.com/products/editare-video-incepatori.html]
[lacheie.com/products/editare-video-expert.html]
